<html>
<body>
<pre>
<h1>µVision Build Log</h1>
<h2>Project:</h2>
C:\Users\haris\Documents\ARM\Embedded C\Main_Project\Security_System.uvproj
Project File Date:  04/03/2026

<h2>Output:</h2>
Build target 'Target 1'
linking...
Program Size: Code=5120 RO-data=32 RW-data=24 ZI-data=1280  
FromELF: creating hex file...
"Security_System.axf" - 0 Error(s), 0 Warning(s).
Build target 'Target 1'
compiling main.c...
linking...
Program Size: Code=5120 RO-data=32 RW-data=24 ZI-data=1280  
FromELF: creating hex file...
"Security_System.axf" - 0 Error(s), 0 Warning(s).
Build target 'Target 1'
compiling main.c...
linking...
Program Size: Code=5116 RO-data=32 RW-data=24 ZI-data=1280  
FromELF: creating hex file...
"Security_System.axf" - 0 Error(s), 0 Warning(s).
