<html>
<body>
<pre>
<h1>µVision Build Log</h1>
<h2>Project:</h2>
C:\Users\haris\Documents\ARM\Embedded C\Main_Project\Security_System.uvproj
Project File Date:  03/29/2026

<h2>Output:</h2>
Build target 'Target 1'
compiling main.c...
i2c_operation.h(31): error:  #18: expected a ")"
i2c_operation.h(31): error:  #18: expected a ")"
i2c_operation.h(31): error:  #141-D: unnamed prototyped parameters not allowed when body is present
i2c_operation.h(38): error:  #142: expression must have pointer-to-object type
i2c_operation.h(51): error:  #20: identifier "p" is undefined
i2c_operation.h(54): warning:  #940-D: missing return statement at end of non-void function "Seq_Read"
main.c(14): warning:  #177-D: variable "read" was declared but never referenced
main.c(44): error:  #140: too many arguments in function call
Target not created
Build target 'Target 1'
compiling main.c...
i2c_operation.h(10): error:  #169: expected a declaration
i2c_operation.h(31): error:  #18: expected a ")"
i2c_operation.h(31): error:  #18: expected a ")"
i2c_operation.h(31): error:  #141-D: unnamed prototyped parameters not allowed when body is present
i2c_operation.h(38): error:  #142: expression must have pointer-to-object type
i2c_operation.h(51): error:  #20: identifier "p" is undefined
i2c_operation.h(54): warning:  #940-D: missing return statement at end of non-void function "Seq_Read"
main.c(14): warning:  #177-D: variable "read" was declared but never referenced
main.c(44): error:  #140: too many arguments in function call
Target not created
Build target 'Target 1'
compiling main.c...
i2c_operation.h(33): error:  #18: expected a ")"
i2c_operation.h(33): error:  #18: expected a ")"
i2c_operation.h(33): error:  #141-D: unnamed prototyped parameters not allowed when body is present
i2c_operation.h(40): error:  #142: expression must have pointer-to-object type
i2c_operation.h(53): error:  #20: identifier "p" is undefined
i2c_operation.h(56): warning:  #940-D: missing return statement at end of non-void function "Seq_Read"
main.c(14): warning:  #177-D: variable "read" was declared but never referenced
main.c(44): error:  #140: too many arguments in function call
Target not created
Build target 'Target 1'
compiling main.c...
i2c_operation.h(33): error:  #18: expected a ")"
i2c_operation.h(33): error:  #18: expected a ")"
i2c_operation.h(33): error:  #141-D: unnamed prototyped parameters not allowed when body is present
i2c_operation.h(40): error:  #142: expression must have pointer-to-object type
main.c(14): warning:  #177-D: variable "read" was declared but never referenced
Target not created
Build target 'Target 1'
compiling main.c...
i2c_operation.h(35): error:  #18: expected a ")"
i2c_operation.h(35): error:  #18: expected a ")"
i2c_operation.h(35): error:  #141-D: unnamed prototyped parameters not allowed when body is present
i2c_operation.h(42): error:  #142: expression must have pointer-to-object type
main.c(14): warning:  #177-D: variable "read" was declared but never referenced
Target not created
Rebuild target 'Target 1'
assembling Startup.s...
compiling main.c...
i2c_operation.h(35): error:  #18: expected a ")"
i2c_operation.h(35): error:  #18: expected a ")"
i2c_operation.h(35): error:  #141-D: unnamed prototyped parameters not allowed when body is present
i2c_operation.h(42): error:  #142: expression must have pointer-to-object type
main.c(14): warning:  #177-D: variable "read" was declared but never referenced
Target not created
Build target 'Target 1'
compiling main.c...
i2c_operation.h(35): error:  #18: expected a ")"
i2c_operation.h(35): error:  #18: expected a ")"
i2c_operation.h(35): error:  #141-D: unnamed prototyped parameters not allowed when body is present
i2c_operation.h(42): error:  #142: expression must have pointer-to-object type
Target not created
Build target 'Target 1'
compiling main.c...
linking...
Program Size: Code=2256 RO-data=16 RW-data=0 ZI-data=1272  
FromELF: creating hex file...
"Security_System.axf" - 0 Error(s), 0 Warning(s).
Build target 'Target 1'
compiling main.c...
linking...
Program Size: Code=2256 RO-data=16 RW-data=0 ZI-data=1272  
FromELF: creating hex file...
"Security_System.axf" - 0 Error(s), 0 Warning(s).
Build target 'Target 1'
compiling main.c...
linking...
Program Size: Code=2336 RO-data=16 RW-data=0 ZI-data=1272  
FromELF: creating hex file...
"Security_System.axf" - 0 Error(s), 0 Warning(s).
Rebuild target 'Target 1'
assembling Startup.s...
compiling main.c...
linking...
Program Size: Code=2336 RO-data=16 RW-data=0 ZI-data=1272  
FromELF: creating hex file...
"Security_System.axf" - 0 Error(s), 0 Warning(s).
Build target 'Target 1'
compiling main.c...
linking...
Program Size: Code=2336 RO-data=16 RW-data=0 ZI-data=1272  
FromELF: creating hex file...
"Security_System.axf" - 0 Error(s), 0 Warning(s).
